Enter password: **********
Welcome to the MySQL monitor.  Commands end with ; or \g.
Your MySQL connection id is 19
Server version: 8.0.30 MySQL Community Server - GPL

Copyright (c) 2000, 2022, Oracle and/or its affiliates.

Oracle is a registered trademark of Oracle Corporation and/or its
affiliates. Other names may be trademarks of their respective
owners.

Type 'help;' or '\h' for help. Type '\c' to clear the current input statement.

mysql> use priya;
Database changed
mysql> create table account(accountno int(10) primary key auto_increment,name varchar(50),balance int(10));
Query OK, 0 rows affected, 2 warnings (0.14 sec)

mysql> create table ministatement(accnobalance int(10),prebalance int(10),updated int(10));
Query OK, 0 rows affected, 3 warnings (0.02 sec)

mysql> delimiter //
mysql> delimiter ;
mysql> insert into account values('67687236','ram',783855);
Query OK, 1 row affected (0.01 sec)

mysql> insert into account values('67687255','shyam',98539);
Query OK, 1 row affected (0.01 sec)

mysql> delimiter //
mysql> create trigger upmini after update on account for each row
    -> begin
    -> insert into ministatement values(old.accountno,old.balance);
    -> end
    -> //
Query OK, 0 rows affected (0.01 sec)

mysql> select *from upmini;
    -> //
ERROR 1146 (42S02): Table 'priya.upmini' doesn't exist
mysql> delimiter ;
mysql> select *from upmini;
ERROR 1146 (42S02): Table 'priya.upmini' doesn't exist
mysql> create table admission(aid int(10) primary key auto_increment,name varchar(50),totalfees int(10),paidfees int(10));
Query OK, 0 rows affected, 3 warnings (0.02 sec)

mysql> insert into admission values('0','ram',51000,31000);
Query OK, 1 row affected (0.00 sec)

mysql> insert into admission values('0','shyam',51000,45000);
Query OK, 1 row affected (0.00 sec)

mysql> insert into admission values('0','ramesh',51000,4000);
Query OK, 1 row affected (0.00 sec)

mysql> delimiter //
mysql> create table feesrecord(aid int(10) primary key ,paidfees int(10),remainingfee int(10));
    -> create table feesrecord(aid int(10) primary key ,paidfees int(10),remainingfee int(10))//
Query OK, 0 rows affected, 3 warnings (0.02 sec)

ERROR 1050 (42S01): Table 'feesrecord' already exists
mysql> insert into feesrecord(1,17000,35000);
    -> insert into feesrecord(1,17000,35000)//
ERROR 1064 (42000): You have an error in your SQL syntax; check the manual that corresponds to your MySQL server version for the right syntax to use near '1,17000,35000);
insert into feesrecord(1,17000,35000)' at line 1
mysql> insert into feesrecord(1,17000,35000)//
ERROR 1064 (42000): You have an error in your SQL syntax; check the manual that corresponds to your MySQL server version for the right syntax to use near '1,17000,35000)' at line 1
mysql> insert into feesrecord values(1,17000,35000)//
Query OK, 1 row affected (0.00 sec)

mysql> insert into feesrecord values(2,49000,3000)//
Query OK, 1 row affected (0.00 sec)

mysql> create trigger feestrigger after insert on admission on admission for each row
    -> begin
    -> insert into feesrecord values(new.aid,new.totalfees,new.totalfees-new.paidfees);
    -> end
    -> //
ERROR 1064 (42000): You have an error in your SQL syntax; check the manual that corresponds to your MySQL server version for the right syntax to use near 'on admission for each row
begin
insert into feesrecord values(new.aid,new.totalf' at line 1
mysql> create trigger feestrigger after insert on admission on admission for each row
    -> create trigger feestrigger after insert on admission for each row
    -> insert into feesrecord values(new.aid,new.totalfees,new.totalfees-new.paidfees);
    -> end
    -> //
ERROR 1064 (42000): You have an error in your SQL syntax; check the manual that corresponds to your MySQL server version for the right syntax to use near 'on admission for each row
create trigger feestrigger after insert on admission f' at line 1
mysql> create trigger feestrigger after insert on admission  for each row
    -> begin
    -> insert into feesrecord values(new.aid,new.totalfees,new.totalfees-new.paidfees);
    -> end
    -> //
Query OK, 0 rows affected (0.01 sec)

mysql> ^C
mysql>